MPLINK 4.49, Linker
Linker Map File - Created Mon Mar 16 18:18:34 2020

                                 Section Info
                  Section       Type    Address   Location Size(Bytes)
                ---------  ---------  ---------  ---------  ---------
                   .org_0       code   0x000000    program   0x000000
                   .org_1       code   0x000000    program   0x000002
                   .org_2       code   0x000005    program   0x00008c



                              Program Memory Usage 
                               Start         End      
                           ---------   ---------      
                            0x000000    0x000000      
                            0x000005    0x00004a      
            71 out of 8454 program addresses used, program memory utilization is 0%



                              Symbols - Sorted by Name
                     Name    Address   Location    Storage File                     
                ---------  ---------  ---------  --------- ---------                
                  _10INIT   0x000023    program     static D:\escuela\Micros\MICROS\Tarea-Multiplicacion-Division-Conversion-Alterno\ConvertidorHectoDec.asm
                  _11INIT   0x000029    program     static D:\escuela\Micros\MICROS\Tarea-Multiplicacion-Division-Conversion-Alterno\ConvertidorHectoDec.asm
                  _12INIT   0x00002f    program     static D:\escuela\Micros\MICROS\Tarea-Multiplicacion-Division-Conversion-Alterno\ConvertidorHectoDec.asm
               _13DIVIDIR   0x00003d    program     static D:\escuela\Micros\MICROS\Tarea-Multiplicacion-Division-Conversion-Alterno\ConvertidorHectoDec.asm
                   _13FIN   0x000046    program     static D:\escuela\Micros\MICROS\Tarea-Multiplicacion-Division-Conversion-Alterno\ConvertidorHectoDec.asm
                  _13INIT   0x000032    program     static D:\escuela\Micros\MICROS\Tarea-Multiplicacion-Division-Conversion-Alterno\ConvertidorHectoDec.asm
                  _14INIT   0x000032    program     static D:\escuela\Micros\MICROS\Tarea-Multiplicacion-Division-Conversion-Alterno\ConvertidorHectoDec.asm
                  _15INIT   0x000034    program     static D:\escuela\Micros\MICROS\Tarea-Multiplicacion-Division-Conversion-Alterno\ConvertidorHectoDec.asm
                  _16INIT   0x00003a    program     static D:\escuela\Micros\MICROS\Tarea-Multiplicacion-Division-Conversion-Alterno\ConvertidorHectoDec.asm
                  _17INIT   0x000040    program     static D:\escuela\Micros\MICROS\Tarea-Multiplicacion-Division-Conversion-Alterno\ConvertidorHectoDec.asm
                  _18INIT   0x000046    program     static D:\escuela\Micros\MICROS\Tarea-Multiplicacion-Division-Conversion-Alterno\ConvertidorHectoDec.asm
                  _19INIT   0x000048    program     static D:\escuela\Micros\MICROS\Tarea-Multiplicacion-Division-Conversion-Alterno\ConvertidorHectoDec.asm
                _1DIVIDIR   0x000010    program     static D:\escuela\Micros\MICROS\Tarea-Multiplicacion-Division-Conversion-Alterno\ConvertidorHectoDec.asm
                    _1FIN   0x000019    program     static D:\escuela\Micros\MICROS\Tarea-Multiplicacion-Division-Conversion-Alterno\ConvertidorHectoDec.asm
                   _1INIT   0x000005    program     static D:\escuela\Micros\MICROS\Tarea-Multiplicacion-Division-Conversion-Alterno\ConvertidorHectoDec.asm
                   _2INIT   0x000005    program     static D:\escuela\Micros\MICROS\Tarea-Multiplicacion-Division-Conversion-Alterno\ConvertidorHectoDec.asm
                   _3INIT   0x000007    program     static D:\escuela\Micros\MICROS\Tarea-Multiplicacion-Division-Conversion-Alterno\ConvertidorHectoDec.asm
                   _4INIT   0x00000d    program     static D:\escuela\Micros\MICROS\Tarea-Multiplicacion-Division-Conversion-Alterno\ConvertidorHectoDec.asm
                   _5INIT   0x000013    program     static D:\escuela\Micros\MICROS\Tarea-Multiplicacion-Division-Conversion-Alterno\ConvertidorHectoDec.asm
                   _6INIT   0x000019    program     static D:\escuela\Micros\MICROS\Tarea-Multiplicacion-Division-Conversion-Alterno\ConvertidorHectoDec.asm
                _7DIVIDIR   0x000026    program     static D:\escuela\Micros\MICROS\Tarea-Multiplicacion-Division-Conversion-Alterno\ConvertidorHectoDec.asm
                    _7FIN   0x00002f    program     static D:\escuela\Micros\MICROS\Tarea-Multiplicacion-Division-Conversion-Alterno\ConvertidorHectoDec.asm
                   _7INIT   0x00001b    program     static D:\escuela\Micros\MICROS\Tarea-Multiplicacion-Division-Conversion-Alterno\ConvertidorHectoDec.asm
                   _8INIT   0x00001b    program     static D:\escuela\Micros\MICROS\Tarea-Multiplicacion-Division-Conversion-Alterno\ConvertidorHectoDec.asm
                   _9INIT   0x00001d    program     static D:\escuela\Micros\MICROS\Tarea-Multiplicacion-Division-Conversion-Alterno\ConvertidorHectoDec.asm
                   inicio   0x000005    program     static D:\escuela\Micros\MICROS\Tarea-Multiplicacion-Division-Conversion-Alterno\ConvertidorHectoDec.asm



                              Symbols - Sorted by Address
                     Name    Address   Location    Storage File                     
                ---------  ---------  ---------  --------- ---------                
                   inicio   0x000005    program     static D:\escuela\Micros\MICROS\Tarea-Multiplicacion-Division-Conversion-Alterno\ConvertidorHectoDec.asm
                   _2INIT   0x000005    program     static D:\escuela\Micros\MICROS\Tarea-Multiplicacion-Division-Conversion-Alterno\ConvertidorHectoDec.asm
                   _1INIT   0x000005    program     static D:\escuela\Micros\MICROS\Tarea-Multiplicacion-Division-Conversion-Alterno\ConvertidorHectoDec.asm
                   _3INIT   0x000007    program     static D:\escuela\Micros\MICROS\Tarea-Multiplicacion-Division-Conversion-Alterno\ConvertidorHectoDec.asm
                   _4INIT   0x00000d    program     static D:\escuela\Micros\MICROS\Tarea-Multiplicacion-Division-Conversion-Alterno\ConvertidorHectoDec.asm
                _1DIVIDIR   0x000010    program     static D:\escuela\Micros\MICROS\Tarea-Multiplicacion-Division-Conversion-Alterno\ConvertidorHectoDec.asm
                   _5INIT   0x000013    program     static D:\escuela\Micros\MICROS\Tarea-Multiplicacion-Division-Conversion-Alterno\ConvertidorHectoDec.asm
                   _6INIT   0x000019    program     static D:\escuela\Micros\MICROS\Tarea-Multiplicacion-Division-Conversion-Alterno\ConvertidorHectoDec.asm
                    _1FIN   0x000019    program     static D:\escuela\Micros\MICROS\Tarea-Multiplicacion-Division-Conversion-Alterno\ConvertidorHectoDec.asm
                   _8INIT   0x00001b    program     static D:\escuela\Micros\MICROS\Tarea-Multiplicacion-Division-Conversion-Alterno\ConvertidorHectoDec.asm
                   _7INIT   0x00001b    program     static D:\escuela\Micros\MICROS\Tarea-Multiplicacion-Division-Conversion-Alterno\ConvertidorHectoDec.asm
                   _9INIT   0x00001d    program     static D:\escuela\Micros\MICROS\Tarea-Multiplicacion-Division-Conversion-Alterno\ConvertidorHectoDec.asm
                  _10INIT   0x000023    program     static D:\escuela\Micros\MICROS\Tarea-Multiplicacion-Division-Conversion-Alterno\ConvertidorHectoDec.asm
                _7DIVIDIR   0x000026    program     static D:\escuela\Micros\MICROS\Tarea-Multiplicacion-Division-Conversion-Alterno\ConvertidorHectoDec.asm
                  _11INIT   0x000029    program     static D:\escuela\Micros\MICROS\Tarea-Multiplicacion-Division-Conversion-Alterno\ConvertidorHectoDec.asm
                    _7FIN   0x00002f    program     static D:\escuela\Micros\MICROS\Tarea-Multiplicacion-Division-Conversion-Alterno\ConvertidorHectoDec.asm
                  _12INIT   0x00002f    program     static D:\escuela\Micros\MICROS\Tarea-Multiplicacion-Division-Conversion-Alterno\ConvertidorHectoDec.asm
                  _14INIT   0x000032    program     static D:\escuela\Micros\MICROS\Tarea-Multiplicacion-Division-Conversion-Alterno\ConvertidorHectoDec.asm
                  _13INIT   0x000032    program     static D:\escuela\Micros\MICROS\Tarea-Multiplicacion-Division-Conversion-Alterno\ConvertidorHectoDec.asm
                  _15INIT   0x000034    program     static D:\escuela\Micros\MICROS\Tarea-Multiplicacion-Division-Conversion-Alterno\ConvertidorHectoDec.asm
                  _16INIT   0x00003a    program     static D:\escuela\Micros\MICROS\Tarea-Multiplicacion-Division-Conversion-Alterno\ConvertidorHectoDec.asm
               _13DIVIDIR   0x00003d    program     static D:\escuela\Micros\MICROS\Tarea-Multiplicacion-Division-Conversion-Alterno\ConvertidorHectoDec.asm
                  _17INIT   0x000040    program     static D:\escuela\Micros\MICROS\Tarea-Multiplicacion-Division-Conversion-Alterno\ConvertidorHectoDec.asm
                   _13FIN   0x000046    program     static D:\escuela\Micros\MICROS\Tarea-Multiplicacion-Division-Conversion-Alterno\ConvertidorHectoDec.asm
                  _18INIT   0x000046    program     static D:\escuela\Micros\MICROS\Tarea-Multiplicacion-Division-Conversion-Alterno\ConvertidorHectoDec.asm
                  _19INIT   0x000048    program     static D:\escuela\Micros\MICROS\Tarea-Multiplicacion-Division-Conversion-Alterno\ConvertidorHectoDec.asm


