MPLINK 4.49, Linker
Linker Map File - Created Mon Mar 16 15:34:35 2020

                                 Section Info
                  Section       Type    Address   Location Size(Bytes)
                ---------  ---------  ---------  ---------  ---------
                   .org_0       code   0x000000    program   0x000000
                   .org_1       code   0x000000    program   0x000002
                   .org_2       code   0x000005    program   0x000026



                              Program Memory Usage 
                               Start         End      
                           ---------   ---------      
                            0x000000    0x000000      
                            0x000005    0x000017      
            20 out of 8454 program addresses used, program memory utilization is 0%



                              Symbols - Sorted by Name
                     Name    Address   Location    Storage File                     
                ---------  ---------  ---------  --------- ---------                
                  dividir   0x00000d    program     static D:\escuela\Micros\MICROS\Tarea-Multiplicacion-Division-Conversion-Alterno\Division.asm
                      fin   0x000016    program     static D:\escuela\Micros\MICROS\Tarea-Multiplicacion-Division-Conversion-Alterno\Division.asm
                   inicio   0x000005    program     static D:\escuela\Micros\MICROS\Tarea-Multiplicacion-Division-Conversion-Alterno\Division.asm



                              Symbols - Sorted by Address
                     Name    Address   Location    Storage File                     
                ---------  ---------  ---------  --------- ---------                
                   inicio   0x000005    program     static D:\escuela\Micros\MICROS\Tarea-Multiplicacion-Division-Conversion-Alterno\Division.asm
                  dividir   0x00000d    program     static D:\escuela\Micros\MICROS\Tarea-Multiplicacion-Division-Conversion-Alterno\Division.asm
                      fin   0x000016    program     static D:\escuela\Micros\MICROS\Tarea-Multiplicacion-Division-Conversion-Alterno\Division.asm


