MPLINK 4.49, Linker
Linker Map File - Created Wed Mar 11 12:01:25 2020

                                 Section Info
                  Section       Type    Address   Location Size(Bytes)
                ---------  ---------  ---------  ---------  ---------
                   .org_0       code   0x000000    program   0x000000
                   .org_1       code   0x000000    program   0x000002
                   .org_2       code   0x000005    program   0x000030



                              Program Memory Usage 
                               Start         End      
                           ---------   ---------      
                            0x000000    0x000000      
                            0x000005    0x00001c      
            25 out of 8454 program addresses used, program memory utilization is 0%



                              Symbols - Sorted by Name
                     Name    Address   Location    Storage File                     
                ---------  ---------  ---------  --------- ---------                
                      div   0x000012    program     static C:\Users\akuma\Documents\2020-2\MICROS\Proyecto2\division.asm
                   inicio   0x000005    program     static C:\Users\akuma\Documents\2020-2\MICROS\Proyecto2\division.asm
                  residuo   0x000018    program     static C:\Users\akuma\Documents\2020-2\MICROS\Proyecto2\division.asm



                              Symbols - Sorted by Address
                     Name    Address   Location    Storage File                     
                ---------  ---------  ---------  --------- ---------                
                   inicio   0x000005    program     static C:\Users\akuma\Documents\2020-2\MICROS\Proyecto2\division.asm
                      div   0x000012    program     static C:\Users\akuma\Documents\2020-2\MICROS\Proyecto2\division.asm
                  residuo   0x000018    program     static C:\Users\akuma\Documents\2020-2\MICROS\Proyecto2\division.asm


