MPLINK 4.49, Linker
Linker Map File - Created Wed Mar 11 12:28:43 2020

                                 Section Info
                  Section       Type    Address   Location Size(Bytes)
                ---------  ---------  ---------  ---------  ---------
                   .org_0       code   0x000000    program   0x000000
                   .org_1       code   0x000000    program   0x000002
                   .org_2       code   0x000005    program   0x000038



                              Program Memory Usage 
                               Start         End      
                           ---------   ---------      
                            0x000000    0x000000      
                            0x000005    0x000020      
            29 out of 8454 program addresses used, program memory utilization is 0%



                              Symbols - Sorted by Name
                     Name    Address   Location    Storage File                     
                ---------  ---------  ---------  --------- ---------                
                  centena   0x00000b    program     static C:\Users\akuma\Documents\2020-2\MICROS\Proyecto2\Hex2Dec.asm
                   decena   0x000012    program     static C:\Users\akuma\Documents\2020-2\MICROS\Proyecto2\Hex2Dec.asm
                   inicio   0x000005    program     static C:\Users\akuma\Documents\2020-2\MICROS\Proyecto2\Hex2Dec.asm
                     swap   0x000019    program     static C:\Users\akuma\Documents\2020-2\MICROS\Proyecto2\Hex2Dec.asm
                   unidad   0x00001a    program     static C:\Users\akuma\Documents\2020-2\MICROS\Proyecto2\Hex2Dec.asm



                              Symbols - Sorted by Address
                     Name    Address   Location    Storage File                     
                ---------  ---------  ---------  --------- ---------                
                   inicio   0x000005    program     static C:\Users\akuma\Documents\2020-2\MICROS\Proyecto2\Hex2Dec.asm
                  centena   0x00000b    program     static C:\Users\akuma\Documents\2020-2\MICROS\Proyecto2\Hex2Dec.asm
                   decena   0x000012    program     static C:\Users\akuma\Documents\2020-2\MICROS\Proyecto2\Hex2Dec.asm
                     swap   0x000019    program     static C:\Users\akuma\Documents\2020-2\MICROS\Proyecto2\Hex2Dec.asm
                   unidad   0x00001a    program     static C:\Users\akuma\Documents\2020-2\MICROS\Proyecto2\Hex2Dec.asm


