MPLINK 4.49, Linker
Linker Map File - Created Wed Mar 11 10:36:30 2020

                                 Section Info
                  Section       Type    Address   Location Size(Bytes)
                ---------  ---------  ---------  ---------  ---------
                   .org_0       code   0x000000    program   0x000000
                   .org_1       code   0x000000    program   0x000002
                   .org_2       code   0x000005    program   0x000034



                              Program Memory Usage 
                               Start         End      
                           ---------   ---------      
                            0x000000    0x000000      
                            0x000005    0x00001e      
            27 out of 8454 program addresses used, program memory utilization is 0%



                              Symbols - Sorted by Name
                     Name    Address   Location    Storage File                     
                ---------  ---------  ---------  --------- ---------                
                   inicio   0x000005    program     static C:\Users\akuma\Documents\2020-2\MICROS\Proyecto2\multiplicacion.asm
                      mul   0x000016    program     static C:\Users\akuma\Documents\2020-2\MICROS\Proyecto2\multiplicacion.asm
                     zero   0x000012    program     static C:\Users\akuma\Documents\2020-2\MICROS\Proyecto2\multiplicacion.asm



                              Symbols - Sorted by Address
                     Name    Address   Location    Storage File                     
                ---------  ---------  ---------  --------- ---------                
                   inicio   0x000005    program     static C:\Users\akuma\Documents\2020-2\MICROS\Proyecto2\multiplicacion.asm
                     zero   0x000012    program     static C:\Users\akuma\Documents\2020-2\MICROS\Proyecto2\multiplicacion.asm
                      mul   0x000016    program     static C:\Users\akuma\Documents\2020-2\MICROS\Proyecto2\multiplicacion.asm


